[twitter.com/index.html]
[backblue.gif]
[fade.gif]
[index.html]
[abs.twimg.com/a/1510170130/css/t1/twitter_core.bundle.css]
[abs.twimg.com/a/1510170130/css/t1/twitter_more_1.bundle.css]
[abs.twimg.com/a/1510170130/css/t1/twitter_more_2.bundle.css]
[abs.twimg.com/k/en/init.en.035b1af7992a87afbd8f.js]
[abs.twimg.com/k/en/0.commons.en.cab28dfda297265ce140.js]
[abs.twimg.com/icons/apple-touch-icon-192x192.png]
[twitter.com/json.json]
[twitter.com/i/hello.html]
[twitter.com/opensearch.xml]
[twitter.com/indexe68f.html]
[twitter.com/indexd6cc.html]
[twitter.com/index9ed2.html]
[twitter.com/indexc9e6.html]
[twitter.com/signup.html]
[twitter.com/indexc69a.html]
[twitter.com/index3322.html]
[twitter.com/login.html]
[twitter.com/i/streams/category/686639666771046402.b.delayed]
[twitter.com/indexcf53.html]
[twitter.com/index9bb4.html]
[twitter.com/index923c.html]
[twitter.com/i/streams/category/686639666779394057.c.delayed]
[twitter.com/index7542.html]
[twitter.com/index2296.html]
[twitter.com/index2139.html]
[twitter.com/i/streams/category/686639666779426835.d.delayed]
[twitter.com/indexcdb1.html]
[twitter.com/index02d7.html]
[twitter.com/index99dc.html]
[twitter.com/i/streams/category/686639666779394055.e.delayed]
[twitter.com/index9212.html]
[twitter.com/index759b.html]
[twitter.com/indexef8e.html]
[twitter.com/i/streams/category/686639666779426842.f.delayed]
[twitter.com/index99a6.html]
[twitter.com/index9e93.html]
[twitter.com/index5720.html]
[twitter.com/i/streams/category/686639666779426845.10.delayed]
[twitter.com/indexc423.html]
[twitter.com/index6bf8.html]
[twitter.com/indexa30c.html]
[twitter.com/i/streams/category/686639666779394072.11.delayed]
[twitter.com/indexe6ac.html]
[twitter.com/index64f4.html]
[twitter.com/indexadd9.html]
[twitter.com/i/streams/category/690675490684678145.12.delayed]
[twitter.com/index9277.html]
[twitter.com/indexa35d.html]
[twitter.com/indexcc5a.html]
[twitter.com/i/streams/category/692079932940259328.13.delayed]
[twitter.com/index5242.html]
[twitter.com/index4bed.html]
[twitter.com/indexad9c.html]
[twitter.com/i/streams/category/788602775839965184.14.delayed]
[twitter.com/index7b3f.html]
[twitter.com/index0b5e.html]
[twitter.com/index4240.html]
[twitter.com/i/streams/category/841388582518562816.15.delayed]
[twitter.com/index1ebe.html]
[twitter.com/indexe034.html]
[twitter.com/index62b1.html]
[twitter.com/indexbbc9.html]
[twitter.com/i/streams/category/841390443338309632.16.delayed]
[twitter.com/index1f03.html]
[twitter.com/index6e27.html]
[twitter.com/index08c7.html]
[twitter.com/index7d5b.html]
[twitter.com/i/moments.html]
[twitter.com/indexc203.html]
[twitter.com/index880d.html]
[twitter.com/index21c9.html]
[twitter.com/i/moments/928509278100402176.html]
[pbs.twimg.com/media/DOHnZ6vVwAAxaii.jpg]
[abs.twimg.com/emoji/v2/72x72/1f914.png]
[twitter.com/i/moments/928433122051375104.html]
[pbs.twimg.com/media/DOJpkM7U8AA-T6Q.jpg]
[twitter.com/i/moments/928438030020444161.html]
[pbs.twimg.com/media/DOJ4zC8X4AA35Zy.jpg]
[twitter.com/i/streams/stream/817038474251382784.1f.delayed]
[pbs.twimg.com/ext_tw_video_thumb/928517790100750336/pu/img/P0tEFKgg0cRWYj3D.jpg]
[twitter.com/CNN.html]
[pbs.twimg.com/profile_images/508960761826131968/LnvhR8ED_bigger.png]
[twitter.com/CNN/status/928518063355580416.html]
[twitter.com/i/streams/stream/788605769306419200.24.delayed]
[pbs.twimg.com/ext_tw_video_thumb/928272307545444352/pu/img/uKtQ8JX5uknBQPKD.jpg]
[twitter.com/dog_rates.html]
[pbs.twimg.com/profile_images/925699786963009536/3BtSBv2X_bigger.jpg]
[twitter.com/dog_rates/status/928272345415995392.html]
[twitter.com/i/streams/stream/788466981766823936.29.delayed]
[pbs.twimg.com/media/DOLJUbPUMAAGki2.jpg]
[twitter.com/CNNPolitics.html]
[pbs.twimg.com/profile_images/918899077168934912/NrRRE0_b_bigger.jpg]
[twitter.com/CNNPolitics/status/928525828513812481.html]
[twitter.com/i/streams/stream/879738045985116164.2e.delayed]
[pbs.twimg.com/media/DOE1SKZV4AATM3i.jpg]
[twitter.com/BleacherReport.html]
[pbs.twimg.com/profile_images/854430488777379840/zFdLhwbT_bigger.jpg]
[twitter.com/BleacherReport/status/928081607600234497.html]
[twitter.com/DanWetzel.html]
[twitter.com/i/streams/stream/690676292044238848.34.delayed]
[pbs.twimg.com/tweet_video_thumb/DOErd6aUEAA8Mq3.jpg]
[twitter.com/DisneyPixar.html]
[pbs.twimg.com/profile_images/884528226630086657/LNt9G3HJ_bigger.jpg]
[twitter.com/DisneyPixar/status/928070850342895616.html]
[twitter.com/hashtag/280characters805d.html]
[twitter.com/i/streams/stream/694260791474688000.3a.delayed]
[pbs.twimg.com/ext_tw_video_thumb/928301950688378880/pu/img/SvXW6PAyeko0xDnt.jpg]
[twitter.com/VP.html]
[pbs.twimg.com/profile_images/927579554041839616/R5mAi8_n_bigger.jpg]
[twitter.com/VP/status/928302813167407104.html]
[twitter.com/hashtag/SutherlandSprings805d.html]
[twitter.com/i/streams/stream/788598625656078338.40.delayed]
[pbs.twimg.com/media/DOLGzkXX4AERZ4T.jpg]
[twitter.com/EW.html]
[pbs.twimg.com/profile_images/881539688418471937/lf5NWhm__bigger.jpg]
[twitter.com/EW/status/928523065121746944.html]
[twitter.com/hashtag/MrRobot805d.html]
[twitter.com/i/streams/stream/788527913327091712.46.delayed]
[pbs.twimg.com/ext_tw_video_thumb/928215479440855041/pu/img/Ran8FXyK7vOsmGRC.jpg]
[twitter.com/ManCity.html]
[pbs.twimg.com/profile_images/923503117680947200/q8h1pJhx_bigger.jpg]
[twitter.com/ManCity/status/928215792361070594.html]
[twitter.com/i/streams/stream/817037328375910400.4b.delayed]
[pbs.twimg.com/media/DOLGzhmWAAAnq1x.jpg]
[twitter.com/ABC.html]
[pbs.twimg.com/profile_images/877547979363758080/ny06RNTT_bigger.jpg]
[twitter.com/ABC/status/928523064131940352.html]
[twitter.com/i/streams/stream/788595832660516864.50.delayed]
[pbs.twimg.com/media/DOKtLzmW0AAj4Nh.jpg]
[twitter.com/billboard.html]
[pbs.twimg.com/profile_images/876878315256250369/Zkusf5bc_bigger.jpg]
[twitter.com/billboard/status/928494894368346112.html]
[twitter.com/hashtag/TheEllenShow805d.html]
[twitter.com/i/streams/stream/692079086844276736.56.delayed]
[pbs.twimg.com/media/DOK5fxPVoAAvkKL.jpg]
[pbs.twimg.com/media/DOK5fxPUQAIkyEU.jpg]
[twitter.com/GiGiHadid.html]
[pbs.twimg.com/profile_images/826179223891095552/5de_T0pC_bigger.jpg]
[twitter.com/GiGiHadid/status/928508438547783681.html]
[twitter.com/BBCCiN.html]
[twitter.com/hashtag/TOMMYxGIGI.5d805d.delayed]
[twitter.com/hashtag/TOMMYxGIGIc4f9.html]
[twitter.com/kegrand.html]
[abs.twimg.com/emoji/v2/72x72/2764.png]
[abs.twimg.com/hashflags/ChildrenInNeed_2017/ChildrenInNeed_2017.png]
[twitter.com/hashtag/CiN805d.html]
[twitter.com/TommyHilfiger.html]
[twitter.com/i/streams/stream/692742137079660545.64.delayed]
[pbs.twimg.com/media/DOEfzXrUIAAnBxx.jpg]
[twitter.com/Rainbow6Game.html]
[pbs.twimg.com/profile_images/926118487906435072/OefGhDq9_bigger.jpg]
[twitter.com/Rainbow6Game/status/928306144551911424.html]
[twitter.com/i/streams/stream/788597991837949952.69.delayed]
[pbs.twimg.com/media/DOJA7XHVAAU87ee.jpg]
[twitter.com/TheEllenShow.html]
[pbs.twimg.com/profile_images/882661553220145152/EQkH0WSX_bigger.jpg]
[twitter.com/TheEllenShow/status/928376178880036865.html]
[twitter.com/hashtag/Ellen2500805d.html]
[twitter.com/i/streams/stream/686639666771046424.6f.delayed]
[twitter.com/'https_.70.delayed]
[pbs.twimg.com/media/DOJOg9IX4AAvh2h.jpg]
[twitter.com/pewdiepie.html]
[pbs.twimg.com/profile_images/913309747914342400/ZAL9cBfs_bigger.jpg]
[abs.twimg.com/emoji/v2/72x72/1f4b0.png]
[abs.twimg.com/emoji/v2/72x72/1f920.png]
[twitter.com/pewdiepie/status/928391035880960001.html]
[abs.twimg.com/emoji/v2/72x72/1f44c.png]
[twitter.com/i/streams/stream/686639666779426837.78.delayed]
[pbs.twimg.com/media/DOHm9kkXkAAuk8l.jpg]
[pbs.twimg.com/media/DOHm9kjX4AA2EQw.jpg]
[twitter.com/taylorswift13.html]
[pbs.twimg.com/profile_images/900399601282424832/sNDnYYZe_bigger.jpg]
[abs.twimg.com/emoji/v2/72x72/1f602.png]
[twitter.com/taylorswift13/status/928276956315045894.html]
[twitter.com/i/streams/stream/788604351023501312.7f.delayed]
[pbs.twimg.com/media/DOLFr5rWkAAAAYL.jpg]
[twitter.com/Uber_Pix.html]
[pbs.twimg.com/profile_images/653300851533062145/IbiQdknI_bigger.png]
[twitter.com/Uber_Pix/status/928521842574454785.html]
[twitter.com/i/streams/stream/686639666771046430.84.delayed]
[pbs.twimg.com/media/DOK5Wu2UEAAx2MP.jpg]
[twitter.com/HuffPost.html]
[pbs.twimg.com/profile_images/875366648093577217/DPjc49xK_bigger.jpg]
[twitter.com/HuffPost/status/928508277780045824.html]
[twitter.com/i/streams/stream/690676000410079233.89.delayed]
[pbs.twimg.com/media/DOIEjGCX4AADGwj.jpg]
[twitter.com/AmazingPhil.html]
[pbs.twimg.com/profile_images/925794373115236352/iRTYHYwl_bigger.jpg]
[abs.twimg.com/emoji/v2/72x72/1f635.png]
[twitter.com/AmazingPhil/status/928310388818698240.html]
[twitter.com/i/streams/stream/691764086166564864.8f.delayed]
[pbs.twimg.com/tweet_video_thumb/DOIdpOXVQAA2Eus.jpg]
[twitter.com/markhoppus.html]
[pbs.twimg.com/profile_images/712849302834520064/oump1Yz0_bigger.jpg]
[twitter.com/markhoppus/status/928337081817899009.html]
[twitter.com/i/streams/stream/686639666771046414.94.delayed]
[pbs.twimg.com/media/DOJb6hpUEAAxsy_.jpg]
[twitter.com/NFL.html]
[pbs.twimg.com/profile_images/925044052831100929/VyOmvwSg_bigger.jpg]
[twitter.com/NFL/status/928405541042323456.html]
[twitter.com/josh_dobbs1.html]
[twitter.com/i/streams/stream/692752501334867970.9a.delayed]
[pbs.twimg.com/media/DOJvXU9W0AAD_iv.jpg]
[pbs.twimg.com/media/DOJvXUsX0AIwoRW.jpg]
[pbs.twimg.com/media/DOJvXVEXUAAYnfS.jpg]
[pbs.twimg.com/media/DOJvXUsX4AAqW37.jpg]
[twitter.com/TeamEnVyUs.html]
[pbs.twimg.com/profile_images/720691210768269312/IrRM-XjR_bigger.jpg]
[twitter.com/TeamEnVyUs/status/928426925567238144.html]
[twitter.com/INTERNETHULK.html]
[twitter.com/tos.a4.delayed]
[twitter.com/en/tos.html]
[twitter.com/privacy.a6.delayed]
[twitter.com/en/privacy.html]
[twitter.com/i/directory/profiles.html]
[twitter.com/settings/personalization.html]
[abs.twimg.com/a/1510170130/img/search/ic_places_foursquare_logo.png]
[abs.twimg.com/a/1510170130/img/search/ic_places_yelp_logo.png]
[twitter.com/account/begin_password_reset.html]
[twitter.com/i/js_inst3fb2]
[twitter.com/index.html]
[abs.twimg.com/a/1510170130/img/t1/web_sprite.png]
[abs.twimg.com/a/1510170130/img/t1/spinners/spinner-rosetta-blue-26x26.gif]
[abs.twimg.com/a/1510170130/img/t1/spinners/spinner-rosetta-blue-26x26@2x.gif]
[abs.twimg.com/a/1510170130/img/t1/avatar_placeholder.png]
[abs.twimg.com/a/1510170130/img/t1/img_bing_logo.png]
[abs.twimg.com/a/1510170130/img/t1/spinners/spinner-rosetta-gray-32x32.gif]
[abs.twimg.com/a/1510170130/img/t1/spinners/spinner-rosetta-gray-14x14.gif]
[abs.twimg.com/a/1510170130/img/t1/spinner-rosetta-gray-14x14-dark-bg.gif]
[abs.twimg.com/a/1510170130/img/t1/bg_gap_bottom.png]
[abs.twimg.com/a/1510170130/img/t1/bg_gap_top.png]
[abs.twimg.com/a/1510170130/img/t1/icon_giphy.png]
[abs.twimg.com/a/1510170130/img/t1/icon_riffsy.png]
[abs.twimg.com/a/1510170130/img/animations/web_heart_animation_media.png]
[abs.twimg.com/a/1510170130/img/animations/web_heart_animation_edge.png]
[abs.twimg.com/a/1510170130/css/t1/twitter_core.bundle.css]
[abs.twimg.com/a/1510170130/img/t1/twitter-web-sprite-media.png]
[abs.twimg.com/a/1510170130/images/bigger_spinner.gif]
[abs.twimg.com/a/1510170130/img/t1/verify_at_twtrjp.png]
[abs.twimg.com/a/1510170130/css/t1/twitter_more_1.bundle.css]
[abs.twimg.com/a/1510170130/img/t1/spinners/spinner-rosetta-gray-26x26.gif]
[abs.twimg.com/a/1510170130/img/profiles/balloons/red.png]
[abs.twimg.com/a/1510170130/img/profiles/balloons/blue.png]
[abs.twimg.com/a/1510170130/img/profiles/balloons/purple.png]
[abs.twimg.com/a/1510170130/img/profiles/balloons/yellow.png]
[abs.twimg.com/a/1510170130/img/profiles/balloons/green.png]
[abs.twimg.com/a/1510170130/img/moments/audio_icon_animation.png]
[abs.twimg.com/a/1510170130/css/t1/images/ui-bg_flat_75_ffffff_40x100.png]
[abs.twimg.com/a/1510170130/css/t1/images/ui-bg_highlight-soft_75_cccccc_1x100.png]
[abs.twimg.com/a/1510170130/css/t1/images/ui-bg_glass_75_e6e6e6_1x400.png]
[abs.twimg.com/a/1510170130/css/t1/images/ui-bg_glass_75_dadada_1x400.png]
[abs.twimg.com/a/1510170130/css/t1/images/ui-bg_glass_65_ffffff_1x400.png]
[abs.twimg.com/a/1510170130/css/t1/images/ui-bg_glass_55_fbf9ee_1x400.png]
[abs.twimg.com/a/1510170130/css/t1/images/ui-bg_glass_95_fef1ec_1x400.png]
[abs.twimg.com/a/1510170130/css/t1/images/ui-icons_222222_256x240.png]
[abs.twimg.com/a/1510170130/css/t1/images/ui-icons_888888_256x240.png]
[abs.twimg.com/a/1510170130/css/t1/images/ui-icons_454545_256x240.png]
[abs.twimg.com/a/1510170130/css/t1/images/ui-icons_2e83ff_256x240.png]
[abs.twimg.com/a/1510170130/css/t1/images/ui-icons_cd0a0a_256x240.png]
[abs.twimg.com/a/1510170130/css/t1/images/ui-bg_flat_0_aaaaaa_40x100.png]
[abs.twimg.com/a/1510170130/css/t1/twitter_more_2.bundle.css]
[twitter.com/i/hello.d3e68f.delayed]
[twitter.com/i/hello9ed2.html]
[twitter.com/i/hello.d5d6cc.delayed]
[twitter.com/i/hello.d6c9e6.delayed]
[twitter.com/i/hello.d7c69a.delayed]
[twitter.com/i/hello.d83322.delayed]
[twitter.com/i/hello.d9cf53.delayed]
[twitter.com/i/hello.da9bb4.delayed]
[twitter.com/i/hello.db923c.delayed]
[twitter.com/i/hello.dc7542.delayed]
[twitter.com/i/hello.dd2296.delayed]
[twitter.com/i/hello.de2139.delayed]
[twitter.com/i/hello.dfcdb1.delayed]
[twitter.com/i/hello.e002d7.delayed]
[twitter.com/i/hello.e199dc.delayed]
[twitter.com/i/hello.e29212.delayed]
[twitter.com/i/hello.e3759b.delayed]
[twitter.com/i/hello.e4ef8e.delayed]
[twitter.com/i/hello.e599a6.delayed]
[twitter.com/i/hello.e69e93.delayed]
[twitter.com/i/hello.e75720.delayed]
[twitter.com/i/hello.e8c423.delayed]
[twitter.com/i/hello.e96bf8.delayed]
[twitter.com/i/hello.eaa30c.delayed]
[twitter.com/i/hello.ebe6ac.delayed]
[twitter.com/i/hello.ec64f4.delayed]
[twitter.com/i/hello.edadd9.delayed]
[twitter.com/i/hello.eecc5a.delayed]
[twitter.com/i/hello.ef9277.delayed]
[twitter.com/i/hello.f0a35d.delayed]
[twitter.com/i/hello.f15242.delayed]
[twitter.com/i/hello.f24bed.delayed]
[twitter.com/i/hello.f3ad9c.delayed]
[twitter.com/i/hello.f47b3f.delayed]
[twitter.com/i/hello.f54240.delayed]
[twitter.com/i/hello.f60b5e.delayed]
[twitter.com/i/hello.f71ebe.delayed]
[twitter.com/i/hello.f9e034.delayed]
[twitter.com/i/hello.fabbc9.delayed]
[twitter.com/i/hello.fb1f03.delayed]
[twitter.com/i/hello.fc6e27.delayed]
[twitter.com/i/hello.fd08c7.delayed]
[twitter.com/i/hello.fe7d5b.delayed]
[twitter.com/i/hello.ffc203.delayed]
[twitter.com/i/hello.100880d.delayed]
[twitter.com/i/hello.10121c9.delayed]
[twitter.com/i/streams/stream/793151206692687880.108.delayed]
[pbs.twimg.com/media/DOLA0IbVwAE_Ccv.jpg]
[twitter.com/business.html]
[pbs.twimg.com/profile_images/714946924105883648/4fgNVF4H_bigger.jpg]
[twitter.com/business/status/928516477556273152.html]
[twitter.com/i/streams/stream/686639666779394074.113.delayed]
[pbs.twimg.com/media/DOK0KdDW4AAYTgT.jpg]
[twitter.com/NBA.html]
[pbs.twimg.com/profile_images/921248739746033665/cjBVcCJG_bigger.jpg]
[twitter.com/i/hello.html]
[twitter.com/NBA/status/928502576076730368.html]
[abs.twimg.com/k/fr/init.fr.576583556d929e45c4ef.js]
[abs.twimg.com/k/fr/0.commons.fr.e47fc881218f0d457bfb.js]
[twitter.com/android-app_/com.twitter.android/twitter/front.122d4b4.delayed]
[abs.twimg.com/b/front_page/v1/US_CA_3.jpg]
[twitter.com/index31cf.html]
[twitter.com/RaviVora/status/515695592656224256.html]
[twitter.com/astro_reid/status/531567705368059904.html]
[twitter.com/sanarao/status/531643781163261952.html]
[twitter.com/Thursday_Neal/status/500060476571926528.128.delayed]
[twitter.com/NBA/status/560319834135998464.html]
[twitter.com/indexe68f.html]
[twitter.com/index9ed2.html]
[abs.twimg.com/a/1510170130/css/t1/twitter_core.bundle.rtl.css]
[twitter.com/Al_Neal_STL/status/500060476571926528.html]
[twitter.com/JaredLeto/status/549847390342361088.html]
[abs.twimg.com/a/1510170130/css/t1/twitter_more_1.bundle.rtl.css]
[abs.twimg.com/a/1510170130/css/t1/twitter_more_2.bundle.rtl.css]
[twitter.com/indexd6cc.html]
[abs.twimg.com/k/ar/init.ar.e6b307cdfdfedaf4fe16.js]
[abs.twimg.com/k/ja/init.ja.f71f3b6429a43ec7e50d.js]
[abs.twimg.com/k/ar/0.commons.ar.f25c69519b6356d1379a.js]
[abs.twimg.com/b/front_page/v1/US_CA_7.jpg]
[twitter.com/indexc9e6.html]
[abs.twimg.com/k/es/init.es.dbdf4b5756f4726f2086.js]
[twitter.com/indexc69a.html]
[abs.twimg.com/k/ja/0.commons.ja.c60977ffcd0e3099d645.js]
[abs.twimg.com/k/es/0.commons.es.9224aee7f8e5d82e80f9.js]
[abs.twimg.com/k/de/init.de.9a079d60f0db0fa2c73c.js]
[twitter.com/index3322.html]
[abs.twimg.com/k/de/0.commons.de.8645843843c421abe988.js]
[abs.twimg.com/k/it/init.it.26430b5a68b43407ceb9.js]
[abs.twimg.com/k/it/0.commons.it.e03aa3d2570b75e6bc4d.js]
[twitter.com/indexcf53.html]
[abs.twimg.com/k/id/init.id.af82caa9e5d347d04de0.js]
[abs.twimg.com/k/id/0.commons.id.03c88d5d8f4581f1122d.js]
[abs.twimg.com/static/raven.3.13.1.min.js]
[abs.twimg.com/static/raven_init.4.js]
[twitter.com/index9bb4.html]
[abs.twimg.com/k/pt/init.pt.1af94b7426a5d3da3946.js]
[abs.twimg.com/k/pt/0.commons.pt.047d97b5905883cd29ce.js]
[abs.twimg.com/b/front_page/v1/US_CA_4.jpg]
[twitter.com/index923c.html]
[abs.twimg.com/b/front_page/v1/US_CA_6.jpg]
[twitter.com/index7542.html]
[abs.twimg.com/k/ko/init.ko.7466b86599176abf09d7.js]
[abs.twimg.com/k/ko/0.commons.ko.13f34e49cc793294082a.js]
[abs.twimg.com/k/tr/init.tr.b25a3c318e095350736d.js]
[abs.twimg.com/k/tr/0.commons.tr.024bda39d64dfc9a304e.js]
[twitter.com/index2296.html]
[abs.twimg.com/k/ru/init.ru.0b250fa1a378474a89c8.js]
[abs.twimg.com/k/ru/0.commons.ru.ba51ad400134a6d80d41.js]
[abs.twimg.com/b/front_page/v1/US_CA_5.jpg]
[twitter.com/index2139.html]
[twitter.com/indexcdb1.html]
[abs.twimg.com/k/nl/init.nl.01c654963bae53df1063.js]
[abs.twimg.com/k/fil/init.fil.0293de7a71844849da8d.js]
[abs.twimg.com/k/nl/0.commons.nl.9cbcbf3147355cdd60d3.js]
[twitter.com/index02d7.html]
[twitter.com/index99dc.html]
[abs.twimg.com/k/fil/0.commons.fil.6aa5b1fe02768562d635.js]
[abs.twimg.com/k/zh-tw/init.zh-tw.9bd3341176bca17731ae.js]
[abs.twimg.com/k/zh-tw/0.commons.zh-tw.1ea006b31f4b4f7c58e3.js]
[twitter.com/index9212.html]
[abs.twimg.com/k/zh-cn/init.zh-cn.e0f17d3273f4577845b5.js]
[twitter.com/index759b.html]
[abs.twimg.com/k/zh-cn/0.commons.zh-cn.e0f722668ca96883f455.js]
[abs.twimg.com/k/hi/init.hi.5a6f4786a602aa4f405f.js]
[twitter.com/indexef8e.html]
[abs.twimg.com/k/hi/0.commons.hi.6fff4a632b42339fec26.js]
[abs.twimg.com/k/no/init.no.ca383b4bd3901eabd5c0.js]
[twitter.com/index99a6.html]
[abs.twimg.com/k/no/0.commons.no.1163ab379477cf9a90ef.js]
[abs.twimg.com/k/sv/init.sv.babcf26092cc3a996e66.js]
[abs.twimg.com/k/sv/0.commons.sv.bc185557611c13b95be7.js]
[twitter.com/index9e93.html]
[abs.twimg.com/k/fi/init.fi.4ff049f15f86fa1517d2.js]
[twitter.com/index5720.html]
[abs.twimg.com/k/fi/0.commons.fi.9ea4180026b169a83935.js]
[abs.twimg.com/k/da/init.da.763ae757150a2ec3bee0.js]
[abs.twimg.com/k/da/0.commons.da.20312c1e96914963b33b.js]
[twitter.com/indexc423.html]
[abs.twimg.com/k/pl/init.pl.0928257988616411a09c.js]
[abs.twimg.com/k/pl/0.commons.pl.d882514270cbe43492b2.js]
[abs.twimg.com/b/front_page/v1/US_CA_2.jpg]
[twitter.com/index6bf8.html]
[twitter.com/indexa30c.html]
[abs.twimg.com/k/hu/init.hu.039c6ab7bc0853ac6119.js]
[abs.twimg.com/k/fa/init.fa.426c5697251eac0747ec.js]
[abs.twimg.com/k/hu/0.commons.hu.34ed0d461bc5fede7e21.js]
[twitter.com/indexe6ac.html]
[abs.twimg.com/k/fa/0.commons.fa.c120fd7221437f179dc6.js]
[abs.twimg.com/k/he/init.he.3232db4aa863b4ecc66f.js]
[abs.twimg.com/k/he/0.commons.he.de503f2e4ddfe9756163.js]
[twitter.com/index64f4.html]
[abs.twimg.com/k/ur/init.ur.36a45674d2767231a96e.js]
[twitter.com/indexadd9.html]
[abs.twimg.com/k/ur/0.commons.ur.02f8a8b80e06dfa1e0ac.js]
[abs.twimg.com/k/th/init.th.21a36a3b6deb5b696a60.js]
[abs.twimg.com/k/th/0.commons.th.9904dcba70b67fdcf9aa.js]
[twitter.com/indexcc5a.html]
[abs.twimg.com/k/uk/init.uk.f4b840c3f4eb8648cc7a.js]
[twitter.com/index9277.html]
[abs.twimg.com/k/uk/0.commons.uk.5b45c0b6359b80f37fa8.js]
[abs.twimg.com/k/ca/init.ca.0ade4dc2247de3b32aca.js]
[abs.twimg.com/k/ca/0.commons.ca.3cb0fd31375a91202830.js]
[twitter.com/indexa35d.html]
[abs.twimg.com/k/ga/init.ga.f0e6bb9736d924cf3892.js]
[abs.twimg.com/k/ga/0.commons.ga.c4d1a1efa00ba0b2ec0c.js]
[twitter.com/index5242.html]
[abs.twimg.com/k/el/init.el.3bbc23a4c9b2532d7b51.js]
[twitter.com/index4bed.html]
[abs.twimg.com/k/el/0.commons.el.2badad290e0a483f144e.js]
[abs.twimg.com/k/eu/init.eu.9b0b9c226c361a1eb14b.js]
[abs.twimg.com/k/eu/0.commons.eu.a9f16a5435009e5774b8.js]
[twitter.com/indexad9c.html]
[abs.twimg.com/k/cs/init.cs.ccefb0b827d690fb21a4.js]
[abs.twimg.com/k/cs/0.commons.cs.4633191cd8fbe4a95e00.js]
[twitter.com/index7b3f.html]
[abs.twimg.com/k/gl/init.gl.2f67e8e430a1f9df1499.js]
[abs.twimg.com/k/gl/0.commons.gl.0253d0d4584c6de1932c.js]
[twitter.com/index4240.html]
[abs.twimg.com/k/ro/init.ro.a153bb0ef9689fb049cd.js]
[abs.twimg.com/k/ro/0.commons.ro.13d34a68d4b13f242b85.js]
[twitter.com/index0b5e.html]
[abs.twimg.com/k/hr/init.hr.c7ec6f1b296818d507fb.js]
[abs.twimg.com/k/hr/0.commons.hr.26705d551391b00959f5.js]
[twitter.com/index1ebe.html]
[abs.twimg.com/k/en-gb/init.en-gb.4c5b2fb3f536d475340f.js]
[abs.twimg.com/k/en-gb/0.commons.en-gb.1b73a0327f922e6dca9c.js]
[twitter.com/index62b1.html]
[abs.twimg.com/k/vi/init.vi.35b58492074e50fb16d2.js]
[abs.twimg.com/k/vi/0.commons.vi.7e5041e4758afdf9b4dc.js]
[twitter.com/indexe034.html]
[abs.twimg.com/k/bn/init.bn.f08c9d86463300eaae84.js]
[abs.twimg.com/k/bn/0.commons.bn.3f38ee91006d0d4e4d3b.js]
[twitter.com/indexbbc9.html]
[abs.twimg.com/k/bg/init.bg.5ba603962f5c685f8f8c.js]
[abs.twimg.com/k/bg/0.commons.bg.ad731f0a19078d1f6886.js]
[twitter.com/index1f03.html]
[abs.twimg.com/k/sr/init.sr.44d855471f0e627a4e49.js]
[abs.twimg.com/k/sr/0.commons.sr.d739b0676c242260f3bc.js]
[twitter.com/index6e27.html]
[abs.twimg.com/k/sk/init.sk.99d55048cda6527f7df9.js]
[abs.twimg.com/k/sk/0.commons.sk.73ed3661a983355c0b59.js]
[twitter.com/index08c7.html]
[abs.twimg.com/k/gu/init.gu.1efe35a1efa121c4af0d.js]
[twitter.com/index7d5b.html]
[abs.twimg.com/k/gu/0.commons.gu.f59f6fb6766ba3e67254.js]
[abs.twimg.com/k/mr/init.mr.c46f86cd509450482099.js]
[abs.twimg.com/k/mr/0.commons.mr.ac7fc0f56a7bc1c3e545.js]
[twitter.com/indexc203.html]
[abs.twimg.com/k/ta/init.ta.b2813d3615ec6fb70794.js]
[twitter.com/index880d.html]
[abs.twimg.com/k/ta/0.commons.ta.63c319950d193c045da2.js]
[abs.twimg.com/k/kn/init.kn.1996f1a1be8084b919ef.js]
[abs.twimg.com/k/kn/0.commons.kn.a9b3cb0dab18059623bf.js]
[twitter.com/index21c9.html]
[twitter.com/signupe68f.html]
[twitter.com/signup9ed2.html]
[twitter.com/signupd6cc.html]
[twitter.com/signupc9e6.html]
[twitter.com/signupc69a.html]
[twitter.com/signup3322.html]
[twitter.com/signupcf53.html]
[twitter.com/signup9bb4.html]
[twitter.com/signup923c.html]
[twitter.com/signup7542.html]
[twitter.com/signup2296.html]
[twitter.com/signup2139.html]
[twitter.com/signupcdb1.html]
[twitter.com/signup02d7.html]
[twitter.com/signup99dc.html]
[twitter.com/signup9212.html]
[twitter.com/signup759b.html]
[twitter.com/signupef8e.html]
[twitter.com/signup99a6.html]
[twitter.com/signup9e93.html]
[twitter.com/signup5720.html]
[twitter.com/signupc423.html]
[twitter.com/signup6bf8.html]
[twitter.com/signupa30c.html]
[twitter.com/signupe6ac.html]
[twitter.com/signup64f4.html]
[twitter.com/signupadd9.html]
[twitter.com/signupcc5a.html]
[twitter.com/signup9277.html]
[twitter.com/signupa35d.html]
[twitter.com/signup5242.html]
[twitter.com/signup4bed.html]
[twitter.com/signupad9c.html]
[twitter.com/signup7b3f.html]
[twitter.com/signup4240.html]
[twitter.com/signup0b5e.html]
[twitter.com/signup1ebe.html]
[twitter.com/signup62b1.html]
[twitter.com/signup.html]
[twitter.com/login.html]
[twitter.com/i/streams/category/686639666771046402.html]
[twitter.com/i/streams/category/686639666779394057.html]
[twitter.com/i/streams/category/686639666779426835.html]
[twitter.com/i/streams/category/686639666779394055.html]
[twitter.com/i/streams/category/686639666779426842.html]
[twitter.com/i/streams/category/686639666779426845.html]
[twitter.com/i/streams/category/686639666779394072.html]
[twitter.com/i/streams/category/690675490684678145.html]
[twitter.com/i/streams/category/692079932940259328.html]
[twitter.com/i/streams/category/788602775839965184.html]
[twitter.com/i/streams/category/841388582518562816.html]
[twitter.com/i/streams/category/841390443338309632.html]
[twitter.com/i/moments.html]
[twitter.com/i/moments/928509278100402176.html]
[twitter.com/i/moments/928433122051375104.html]
[twitter.com/i/moments/928438030020444161.html]
[twitter.com/CNN.html]
[twitter.com/CNN/status/928518063355580416.html]
[twitter.com/dog_rates.html]
[twitter.com/dog_rates/status/928272345415995392.html]
[twitter.com/CNNPolitics.html]
[twitter.com/CNNPolitics/status/928525828513812481.html]
[twitter.com/BleacherReport.html]
[twitter.com/BleacherReport/status/928081607600234497.html]
[twitter.com/DanWetzel.html]
[twitter.com/DisneyPixar.html]
[twitter.com/DisneyPixar/status/928070850342895616.html]
[twitter.com/hashtag/280characters805d.html]
[twitter.com/VP.html]
[twitter.com/VP/status/928302813167407104.html]
[twitter.com/hashtag/SutherlandSprings805d.html]
[twitter.com/EW.html]
[twitter.com/EW/status/928523065121746944.html]
[twitter.com/hashtag/MrRobot805d.html]
[twitter.com/ManCity.html]
[twitter.com/ManCity/status/928215792361070594.html]
[twitter.com/ABC.html]
[twitter.com/ABC/status/928523064131940352.html]
[twitter.com/billboard.html]
[twitter.com/billboard/status/928494894368346112.html]
[twitter.com/hashtag/TheEllenShow805d.html]
[twitter.com/GiGiHadid.html]
[twitter.com/GiGiHadid/status/928508438547783681.html]
[twitter.com/BBCCiN.html]
[twitter.com/hashtag/TOMMYxGIGIc4f9.html]
[twitter.com/kegrand.html]
[twitter.com/hashtag/CiN805d.html]
[twitter.com/TommyHilfiger.html]
[twitter.com/Rainbow6Game.html]
[twitter.com/Rainbow6Game/status/928306144551911424.html]
[twitter.com/TheEllenShow.html]
[twitter.com/TheEllenShow/status/928376178880036865.html]
[twitter.com/hashtag/Ellen2500805d.html]
[twitter.com/'https_.html]
[twitter.com/pewdiepie.html]
[twitter.com/pewdiepie/status/928391035880960001.html]
[twitter.com/taylorswift13.html]
[twitter.com/taylorswift13/status/928276956315045894.html]
[twitter.com/Uber_Pix.html]
[twitter.com/Uber_Pix/status/928521842574454785.html]
